MPI: rank=0/1; backend_comunicador=serial-sem-gpaw; launcher_size_detectado=1
/home/tromer/.anaconda3/lib/python3.13/site-packages/e3nn/o3/_wigner.py:10: UserWarning: Environment variable TORCH_FORCE_NO_WEIGHTS_ONLY_LOAD detected, since the`weights_only` argument was not explicitly passed to `torch.load`, forcing weights_only=False.
  _Jd, _W3j_flat, _W3j_indices = torch.load(os.path.join(os.path.dirname(__file__), 'constants.pt'))
cuequivariance or cuequivariance_torch is not available. Cuequivariance acceleration will be disabled.
Using Materials Project MACE for MACECalculator with /home/tromer/.cache/mace/20231210mace128L0_energy_epoch249model
Using float32 for MACECalculator, which is faster but less accurate. Recommended for MD. Use float64 for geometry optimization.
/home/tromer/.anaconda3/lib/python3.13/site-packages/mace/calculators/mace.py:199: UserWarning: Environment variable TORCH_FORCE_NO_WEIGHTS_ONLY_LOAD detected, since the`weights_only` argument was not explicitly passed to `torch.load`, forcing weights_only=False.
  torch.load(f=model_path, map_location=device)
WARNING:root:Default dtype float32 does not match model dtype float64, converting models to float32.
Using TorchDFTD3Calculator for D3 dispersion corrections
Backend = mace; device = cpu; dtype = float32
Semente sincronizada em todos os ranks = 7
Espécies competindo: ['Si']
Fluxo relativo por espécie: {'Si': 1.0}
Mu por espécie: todos 0.0 eV
Impurezas/vacâncias: desligado
Modo de vacância: frozen
growth_axis = z; surface_axes = xy
replicate antes do slab = (1, 1, 1)
miller = (0, 0, 1)
build_mode = direct; site_mode = template
pbc = (1, 1, 0)
bulk_energy_repeat = (1, 1, 1); skip_bulk_reference = True
cif_wrap_mode = all (aplicado somente aos arquivos .cif salvos)
Restrição cristalográfica de crescimento: desligada
Template-base filtrado para extend-columns: N=64; espécies=['Si']; restrict_fractional=(None, None, None)
Template extend-columns: eixo=z periodo_colunas=4(auto) periodo_gaps=1(auto) gaps=[1.360926] Å; dx_mediana=1.360926 Å; colunas_base=8, colunas_novas=4, N_template=96; restrict_fractional=(None, None, None)
/home/tromer/.anaconda3/lib/python3.13/site-packages/torch/autograd/graph.py:869: UserWarning: CUDA initialization: The NVIDIA driver on your system is too old (found version 12020). Please update your GPU driver by downloading and installing a new version from the URL: http://www.nvidia.com/Download/index.aspx Alternatively, go to: https://pytorch.org to install a PyTorch version that has been compiled with your version of the CUDA driver. (Triggered internally at /pytorch/c10/cuda/CUDAFunctions.cpp:119.)
  return Variable._execution_engine.run_backward(  # Calls into the C++ engine to run the backward pass
/home/tromer/.anaconda3/lib/python3.13/site-packages/torch_dftd/torch_dftd3_calculator.py:98: UserWarning: Creating a tensor from a list of numpy.ndarrays is extremely slow. Please consider converting the list to a single numpy.ndarray with numpy.array() before converting to a tensor. (Triggered internally at /pytorch/torch/csrc/utils/tensor_new.cpp:253.)
  cell: Optional[Tensor] = torch.tensor(
Referência bulk: pulada (--skip-bulk-reference).
  Usando E0/N0 como referência; gamma vira energia relativa ao estado inicial.
Slab inicial:
  N0 = 64
  area(xy) = 118.535582 Å²
  E0 = -336.545999 eV
  gamma0 = 0.000000 eV/Å² = 0.000000 J/m²
  growth_origin_species = Si; origin_front=9.526479 Å; origin_back=0.000000 Å
  regra_deposicao = template: somente sítios do CIF-template
  template_cif = Si_100.cif
  template_repeat = (1, 1, 1); N_template = 96
  template_front = [0.050, 3.500] Å
  template_connect_cutoff = 2.900 Å; min_neighbors = 1
  template_species_mode = template; template_build_mode = extend-columns
Corte absoluto de Eads: +50.000000 eV
[TEMPLATE DEBUG] total=96 species_filter=0 restriction=0 direction=64 global_front=0 occupied=0 connection=24 min_dist=0 pre_shell=8 post_shell=8 tested_energy=8
[TEMPLATE DEBUG] camada candidata z: min=10.887405 max=10.887405 n=8
[INFO] primeira deposição: relaxação local pulada por --no-relax-first-added.
step=00001 species= Si N=00065 vac=0000 axis=z surf=xy Eads=-5.9933 eV P=1.250e-01 E=-342.5393 eV hmax=1.361 A hmean=0.227 A rough=0.816 A occ1=0.125 tested=8
[TEMPLATE DEBUG] total=96 species_filter=0 restriction=0 direction=64 global_front=0 occupied=1 connection=22 min_dist=0 pre_shell=9 post_shell=7 tested_energy=7
[TEMPLATE DEBUG] camada candidata z: min=10.887405 max=10.887405 n=7
step=00002 species= Si N=00066 vac=0000 axis=z surf=xy Eads=-6.1073 eV P=8.194e-01 E=-348.6958 eV hmax=1.292 A hmean=-0.277 A rough=0.882 A occ1=0.250 tested=7
[TEMPLATE DEBUG] total=96 species_filter=0 restriction=0 direction=64 global_front=0 occupied=2 connection=22 min_dist=0 pre_shell=8 post_shell=6 tested_energy=6
[TEMPLATE DEBUG] camada candidata z: min=10.887405 max=10.887405 n=6
step=00003 species= Si N=00067 vac=0000 axis=z surf=xy Eads=-6.0015 eV P=5.180e-01 E=-354.7329 eV hmax=1.292 A hmean=-0.353 A rough=0.942 A occ1=0.375 tested=6
[TEMPLATE DEBUG] total=96 species_filter=0 restriction=0 direction=64 global_front=0 occupied=3 connection=20 min_dist=0 pre_shell=9 post_shell=5 tested_energy=5
[TEMPLATE DEBUG] camada candidata z: min=10.887405 max=10.887405 n=5
step=00004 species= Si N=00068 vac=0000 axis=z surf=xy Eads=-6.0989 eV P=1.000e+00 E=-360.8524 eV hmax=1.305 A hmean=-0.384 A rough=0.985 A occ1=0.500 tested=5
[TEMPLATE DEBUG] total=96 species_filter=0 restriction=0 direction=64 global_front=0 occupied=4 connection=20 min_dist=0 pre_shell=8 post_shell=4 tested_energy=4
[TEMPLATE DEBUG] camada candidata z: min=10.887405 max=10.887405 n=4
step=00005 species= Si N=00069 vac=0000 axis=z surf=xy Eads=-5.2405 eV P=2.438e-01 E=-366.1222 eV hmax=1.330 A hmean=-0.602 A rough=1.023 A occ1=0.625 tested=4
[TEMPLATE DEBUG] total=96 species_filter=0 restriction=0 direction=64 global_front=0 occupied=5 connection=18 min_dist=0 pre_shell=9 post_shell=3 tested_energy=3
[TEMPLATE DEBUG] camada candidata z: min=10.887405 max=10.887405 n=3
step=00006 species= Si N=00070 vac=0000 axis=z surf=xy Eads=-5.2619 eV P=2.815e-01 E=-371.4025 eV hmax=1.336 A hmean=-0.348 A rough=1.054 A occ1=0.750 tested=3
[TEMPLATE DEBUG] total=96 species_filter=0 restriction=0 direction=64 global_front=0 occupied=6 connection=16 min_dist=0 pre_shell=10 post_shell=2 tested_energy=2
[TEMPLATE DEBUG] camada candidata z: min=10.887405 max=10.887405 n=2
step=00007 species= Si N=00071 vac=0000 axis=z surf=xy Eads=-5.2827 eV P=5.183e-01 E=-376.7056 eV hmax=1.338 A hmean=-0.488 A rough=1.077 A occ1=0.875 tested=2
[TEMPLATE DEBUG] total=96 species_filter=0 restriction=0 direction=64 global_front=0 occupied=7 connection=16 min_dist=0 pre_shell=9 post_shell=1 tested_energy=1
[TEMPLATE DEBUG] camada candidata z: min=10.887405 max=10.887405 n=1
step=00008 species= Si N=00072 vac=0000 axis=z surf=xy Eads=-5.3043 eV P=1.000e+00 E=-382.0237 eV hmax=1.339 A hmean=-0.294 A rough=1.096 A occ1=1.000 tested=1
[TEMPLATE DEBUG] total=96 species_filter=0 restriction=0 direction=64 global_front=0 occupied=8 connection=16 min_dist=0 pre_shell=8 post_shell=8 tested_energy=8
[TEMPLATE DEBUG] camada candidata z: min=12.248330 max=12.248330 n=8
step=00009 species= Si N=00073 vac=0000 axis=z surf=xy Eads=-5.9688 eV P=1.385e-01 E=-388.0277 eV hmax=2.627 A hmean=-0.139 A rough=0.799 A occ1=1.000 tested=8
[TEMPLATE DEBUG] total=96 species_filter=0 restriction=0 direction=64 global_front=0 occupied=9 connection=14 min_dist=0 pre_shell=9 post_shell=7 tested_energy=7
[TEMPLATE DEBUG] camada candidata z: min=12.248330 max=12.248330 n=7
step=00010 species= Si N=00074 vac=0000 axis=z surf=xy Eads=-6.0295 eV P=3.511e-01 E=-394.1174 eV hmax=2.628 A hmean=0.083 A rough=0.883 A occ1=1.000 tested=7
[TEMPLATE DEBUG] total=96 species_filter=0 restriction=0 direction=64 global_front=0 occupied=10 connection=13 min_dist=0 pre_shell=9 post_shell=6 tested_energy=6
[TEMPLATE DEBUG] camada candidata z: min=12.248330 max=12.248330 n=6
step=00011 species= Si N=00075 vac=0000 axis=z surf=xy Eads=-6.0303 eV P=4.547e-01 E=-400.1916 eV hmax=2.632 A hmean=0.247 A rough=0.942 A occ1=1.000 tested=6
[TEMPLATE DEBUG] total=96 species_filter=0 restriction=0 direction=64 global_front=0 occupied=11 connection=12 min_dist=0 pre_shell=9 post_shell=5 tested_energy=5
[TEMPLATE DEBUG] camada candidata z: min=12.248330 max=12.248330 n=5
step=00012 species= Si N=00076 vac=0000 axis=z surf=xy Eads=-6.0912 eV P=9.886e-01 E=-406.3184 eV hmax=2.656 A hmean=0.368 A rough=0.986 A occ1=1.000 tested=5
[TEMPLATE DEBUG] total=96 species_filter=0 restriction=0 direction=64 global_front=0 occupied=12 connection=12 min_dist=0 pre_shell=8 post_shell=4 tested_energy=4
[TEMPLATE DEBUG] camada candidata z: min=12.248330 max=12.248330 n=4
step=00013 species= Si N=00077 vac=0000 axis=z surf=xy Eads=-5.2264 eV P=2.516e-01 E=-411.5754 eV hmax=2.683 A hmean=0.532 A rough=1.026 A occ1=1.000 tested=4
[TEMPLATE DEBUG] total=96 species_filter=0 restriction=0 direction=64 global_front=0 occupied=13 connection=10 min_dist=0 pre_shell=9 post_shell=3 tested_energy=3
[TEMPLATE DEBUG] camada candidata z: min=12.248330 max=12.248330 n=3
step=00014 species= Si N=00078 vac=0000 axis=z surf=xy Eads=-5.2616 eV P=3.960e-01 E=-416.8929 eV hmax=2.675 A hmean=0.881 A rough=1.054 A occ1=1.000 tested=3
[TEMPLATE DEBUG] total=96 species_filter=0 restriction=0 direction=64 global_front=0 occupied=14 connection=9 min_dist=0 pre_shell=9 post_shell=2 tested_energy=2
[TEMPLATE DEBUG] camada candidata z: min=12.248330 max=12.248330 n=2
step=00015 species= Si N=00079 vac=0000 axis=z surf=xy Eads=-5.2637 eV P=5.392e-01 E=-422.2029 eV hmax=2.675 A hmean=0.811 A rough=1.077 A occ1=1.000 tested=2
[TEMPLATE DEBUG] total=96 species_filter=0 restriction=0 direction=64 global_front=0 occupied=15 connection=8 min_dist=0 pre_shell=9 post_shell=1 tested_energy=1
[TEMPLATE DEBUG] camada candidata z: min=12.248330 max=12.248330 n=1
step=00016 species= Si N=00080 vac=0000 axis=z surf=xy Eads=-5.2885 eV P=1.000e+00 E=-427.5401 eV hmax=2.681 A hmean=1.171 A rough=1.095 A occ1=1.000 tested=1
[TEMPLATE DEBUG] total=96 species_filter=0 restriction=0 direction=64 global_front=0 occupied=16 connection=8 min_dist=0 pre_shell=8 post_shell=8 tested_energy=8
[TEMPLATE DEBUG] camada candidata z: min=13.609256 max=13.609256 n=8
step=00017 species= Si N=00081 vac=0000 axis=z surf=xy Eads=-5.9594 eV P=2.575e-01 E=-433.5661 eV hmax=3.983 A hmean=1.213 A rough=0.802 A occ1=1.000 tested=8
[TEMPLATE DEBUG] total=96 species_filter=0 restriction=0 direction=64 global_front=0 occupied=17 connection=6 min_dist=0 pre_shell=9 post_shell=7 tested_energy=7
[TEMPLATE DEBUG] camada candidata z: min=13.609256 max=13.609256 n=7
step=00018 species= Si N=00082 vac=0000 axis=z surf=xy Eads=-6.0853 eV P=9.497e-01 E=-439.6924 eV hmax=4.027 A hmean=1.384 A rough=0.892 A occ1=1.000 tested=7
[TEMPLATE DEBUG] total=96 species_filter=0 restriction=0 direction=64 global_front=0 occupied=18 connection=6 min_dist=0 pre_shell=8 post_shell=6 tested_energy=6
[TEMPLATE DEBUG] camada candidata z: min=13.609256 max=13.609256 n=6
step=00019 species= Si N=00083 vac=0000 axis=z surf=xy Eads=-5.9560 eV P=8.291e-01 E=-445.8161 eV hmax=4.027 A hmean=1.476 A rough=0.951 A occ1=1.000 tested=6
[TEMPLATE DEBUG] total=96 species_filter=0 restriction=0 direction=64 global_front=0 occupied=19 connection=4 min_dist=0 pre_shell=9 post_shell=5 tested_energy=5
[TEMPLATE DEBUG] camada candidata z: min=13.609256 max=13.609256 n=5
step=00020 species= Si N=00084 vac=0000 axis=z surf=xy Eads=-5.7097 eV P=9.999e-01 E=-451.6609 eV hmax=4.136 A hmean=1.642 A rough=1.005 A occ1=1.000 tested=5
[TEMPLATE DEBUG] total=96 species_filter=0 restriction=0 direction=64 global_front=0 occupied=20 connection=4 min_dist=0 pre_shell=8 post_shell=4 tested_energy=4
[TEMPLATE DEBUG] camada candidata z: min=13.609256 max=13.609256 n=4
step=00021 species= Si N=00085 vac=0000 axis=z surf=xy Eads=-5.2111 eV P=5.147e-01 E=-456.9533 eV hmax=4.075 A hmean=1.515 A rough=1.037 A occ1=1.000 tested=4
[TEMPLATE DEBUG] total=96 species_filter=0 restriction=0 direction=64 global_front=0 occupied=21 connection=2 min_dist=0 pre_shell=9 post_shell=3 tested_energy=3
[TEMPLATE DEBUG] camada candidata z: min=13.609256 max=13.609256 n=3
step=00022 species= Si N=00086 vac=0000 axis=z surf=xy Eads=-5.1894 eV P=4.106e-01 E=-462.2121 eV hmax=4.052 A hmean=1.557 A rough=1.064 A occ1=1.000 tested=3
[TEMPLATE DEBUG] total=96 species_filter=0 restriction=0 direction=64 global_front=0 occupied=22 connection=0 min_dist=0 pre_shell=10 post_shell=2 tested_energy=2
[TEMPLATE DEBUG] camada candidata z: min=13.609256 max=13.609256 n=2
step=00023 species= Si N=00087 vac=0000 axis=z surf=xy Eads=-5.2183 eV P=3.418e-01 E=-467.5896 eV hmax=4.047 A hmean=1.916 A rough=1.083 A occ1=1.000 tested=2
[TEMPLATE DEBUG] total=96 species_filter=0 restriction=0 direction=64 global_front=0 occupied=23 connection=0 min_dist=0 pre_shell=9 post_shell=1 tested_energy=1
[TEMPLATE DEBUG] camada candidata z: min=13.609256 max=13.609256 n=1
step=00024 species= Si N=00088 vac=0000 axis=z surf=xy Eads=-5.2513 eV P=1.000e+00 E=-472.9373 eV hmax=4.039 A hmean=2.047 A rough=1.097 A occ1=1.000 tested=1
[TEMPLATE DEBUG] total=96 species_filter=0 restriction=0 direction=64 global_front=0 occupied=24 connection=0 min_dist=0 pre_shell=8 post_shell=8 tested_energy=8
[TEMPLATE DEBUG] camada candidata z: min=14.970182 max=14.970182 n=8
step=00025 species= Si N=00089 vac=0000 axis=z surf=xy Eads=-5.9479 eV P=1.405e-01 E=-478.9378 eV hmax=5.341 A hmean=2.356 A rough=0.802 A occ1=1.000 tested=8
[TEMPLATE DEBUG] total=96 species_filter=0 restriction=0 direction=64 global_front=0 occupied=25 connection=0 min_dist=0 pre_shell=7 post_shell=7 tested_energy=7
[TEMPLATE DEBUG] camada candidata z: min=14.970182 max=14.970182 n=7
step=00026 species= Si N=00090 vac=0000 axis=z surf=xy Eads=-6.0153 eV P=4.205e-01 E=-485.0266 eV hmax=5.332 A hmean=2.373 A rough=0.883 A occ1=1.000 tested=7
[TEMPLATE DEBUG] total=96 species_filter=0 restriction=0 direction=64 global_front=0 occupied=26 connection=0 min_dist=0 pre_shell=6 post_shell=6 tested_energy=6
[TEMPLATE DEBUG] camada candidata z: min=14.970182 max=14.970182 n=6
step=00027 species= Si N=00091 vac=0000 axis=z surf=xy Eads=-6.0025 eV P=4.513e-01 E=-491.0922 eV hmax=5.337 A hmean=2.550 A rough=0.942 A occ1=1.000 tested=6
[TEMPLATE DEBUG] total=96 species_filter=0 restriction=0 direction=64 global_front=0 occupied=27 connection=0 min_dist=0 pre_shell=5 post_shell=5 tested_energy=5
[TEMPLATE DEBUG] camada candidata z: min=14.970182 max=14.970182 n=5
step=00028 species= Si N=00092 vac=0000 axis=z surf=xy Eads=-6.0712 eV P=9.906e-01 E=-497.2303 eV hmax=5.372 A hmean=2.618 A rough=0.990 A occ1=1.000 tested=5
[TEMPLATE DEBUG] total=96 species_filter=0 restriction=0 direction=64 global_front=0 occupied=28 connection=0 min_dist=0 pre_shell=4 post_shell=4 tested_energy=4
[TEMPLATE DEBUG] camada candidata z: min=14.970182 max=14.970182 n=4
step=00029 species= Si N=00093 vac=0000 axis=z surf=xy Eads=-5.2142 eV P=2.652e-01 E=-502.4982 eV hmax=5.387 A hmean=2.824 A rough=1.027 A occ1=1.000 tested=4
[TEMPLATE DEBUG] total=96 species_filter=0 restriction=0 direction=64 global_front=0 occupied=29 connection=0 min_dist=0 pre_shell=3 post_shell=3 tested_energy=3
[TEMPLATE DEBUG] camada candidata z: min=14.970182 max=14.970182 n=3
step=00030 species= Si N=00094 vac=0000 axis=z surf=xy Eads=-5.2117 eV P=1.605e-01 E=-507.7567 eV hmax=5.389 A hmean=2.948 A rough=1.057 A occ1=1.000 tested=3
[TEMPLATE DEBUG] total=96 species_filter=0 restriction=0 direction=64 global_front=0 occupied=30 connection=0 min_dist=0 pre_shell=2 post_shell=2 tested_energy=2
[TEMPLATE DEBUG] camada candidata z: min=14.970182 max=14.970182 n=2
step=00031 species= Si N=00095 vac=0000 axis=z surf=xy Eads=-5.2914 eV P=4.719e-01 E=-513.1040 eV hmax=5.380 A hmean=3.065 A rough=1.078 A occ1=1.000 tested=2
[TEMPLATE DEBUG] total=96 species_filter=0 restriction=0 direction=64 global_front=0 occupied=31 connection=0 min_dist=0 pre_shell=1 post_shell=1 tested_energy=1
[TEMPLATE DEBUG] camada candidata z: min=14.970182 max=14.970182 n=1
step=00032 species= Si N=00096 vac=0000 axis=z surf=xy Eads=-5.2819 eV P=1.000e+00 E=-518.4608 eV hmax=5.373 A hmean=3.344 A rough=1.095 A occ1=1.000 tested=1
[TEMPLATE DEBUG] total=96 species_filter=0 restriction=0 direction=64 global_front=0 occupied=32 connection=0 min_dist=0 pre_shell=0 post_shell=0 tested_energy=0
[STOP] nenhum candidato de deposição válido.

Arquivos salvos:
  grafeno_cutoff.traj
  grafeno_cutoff.csv
  grafeno_cutoff_initial.xyz
  grafeno_cutoff_initial.cif
  grafeno_cutoff_checkpoint.xyz
  grafeno_cutoff_checkpoint.cif
  grafeno_cutoff_vacancies.csv
  grafeno_cutoff_final.xyz
  grafeno_cutoff_final.cif
