MPI: rank=0/1; backend_comunicador=desconhecido; launcher_size_detectado=1
Backend = gpaw; device = cpu; dtype = float32
Semente sincronizada em todos os ranks = 7
Espécies competindo: ['Si']
Fluxo relativo por espécie: {'Si': 1.0}
Mu por espécie: todos 0.0 eV
Impurezas/vacâncias: desligado
Modo de vacância: frozen
growth_axis = z; surface_axes = xy
replicate antes do slab = (1, 1, 1)
miller = (0, 0, 1)
build_mode = direct; site_mode = template
pbc = (1, 1, 0)
bulk_energy_repeat = (1, 1, 1); skip_bulk_reference = True
cif_wrap_mode = all (aplicado somente aos arquivos .cif salvos)
Restrição cristalográfica de crescimento: desligada
Template-base filtrado para extend-columns: N=72; espécies=['Si']; restrict_fractional=(None, None, None)
Template extend-columns: eixo=z periodo_colunas=2(auto) periodo_gaps=1(auto) gaps=[1.924639] Å; dx_mediana=1.924639 Å; colunas_base=6, colunas_novas=4, N_template=120; restrict_fractional=(None, None, None)
Referência bulk: pulada (--skip-bulk-reference).
  Usando E0/N0 como referência; gamma vira energia relativa ao estado inicial.
Slab inicial:
  N0 = 72
  area(xy) = 125.725971 Å²
  E0 = -356.096247 eV
  gamma0 = 0.000000 eV/Å² = 0.000000 J/m²
  growth_origin_species = Si; origin_front=9.623197 Å; origin_back=0.000000 Å
  regra_deposicao = template: somente sítios do CIF-template
  template_cif = Si_110.cif
  template_repeat = (1, 1, 1); N_template = 120
  template_front = [0.050, 5.000] Å
  template_connect_cutoff = 2.900 Å; min_neighbors = 1
  template_species_mode = template; template_build_mode = extend-columns
Corte absoluto de Eads: +50.000000 eV
[TEMPLATE DEBUG] total=120 species_filter=0 restriction=0 direction=72 global_front=0 occupied=0 connection=36 min_dist=0 pre_shell=12 post_shell=12 tested_energy=12
[TEMPLATE DEBUG] camada candidata z: min=11.547837 max=11.547837 n=12
[INFO] primeira deposição: relaxação local pulada por --no-relax-first-added.
step=00001 species= Si N=00073 vac=0000 axis=z surf=xy Eads=-4.2918 eV P=8.333e-02 E=-360.3880 eV hmax=1.925 A hmean=0.107 A rough=0.513 A occ1=0.083 tested=12
[TEMPLATE DEBUG] total=120 species_filter=0 restriction=0 direction=72 global_front=0 occupied=1 connection=35 min_dist=0 pre_shell=12 post_shell=11 tested_energy=11
[TEMPLATE DEBUG] camada candidata z: min=11.547837 max=11.547837 n=11
step=00002 species= Si N=00074 vac=0000 axis=z surf=xy Eads=-5.3214 eV P=5.000e-01 E=-366.3237 eV hmax=1.859 A hmean=-0.749 A rough=0.655 A occ1=0.167 tested=11
[TEMPLATE DEBUG] total=120 species_filter=0 restriction=0 direction=72 global_front=0 occupied=2 connection=34 min_dist=0 pre_shell=12 post_shell=10 tested_energy=10
[TEMPLATE DEBUG] camada candidata z: min=11.547837 max=11.547837 n=10
step=00003 species= Si N=00075 vac=0000 axis=z surf=xy Eads=-5.2595 eV P=8.636e-01 E=-372.3969 eV hmax=1.985 A hmean=-0.536 A rough=0.741 A occ1=0.250 tested=10
[TEMPLATE DEBUG] total=120 species_filter=0 restriction=0 direction=72 global_front=0 occupied=3 connection=33 min_dist=0 pre_shell=12 post_shell=9 tested_energy=9
[TEMPLATE DEBUG] camada candidata z: min=11.547837 max=11.547837 n=9
step=00004 species= Si N=00076 vac=0000 axis=z surf=xy Eads=-4.6365 eV P=9.592e-01 E=-377.8158 eV hmax=2.002 A hmean=-0.795 A rough=0.794 A occ1=0.333 tested=9
[TEMPLATE DEBUG] total=120 species_filter=0 restriction=0 direction=72 global_front=0 occupied=4 connection=32 min_dist=0 pre_shell=12 post_shell=8 tested_energy=8
[TEMPLATE DEBUG] camada candidata z: min=11.547837 max=11.547837 n=8
step=00005 species= Si N=00077 vac=0000 axis=z surf=xy Eads=-4.7206 eV P=1.000e+00 E=-382.9968 eV hmax=1.971 A hmean=-0.894 A rough=0.832 A occ1=0.417 tested=8
[TEMPLATE DEBUG] total=120 species_filter=0 restriction=0 direction=72 global_front=0 occupied=5 connection=31 min_dist=0 pre_shell=12 post_shell=7 tested_energy=7
[TEMPLATE DEBUG] camada candidata z: min=11.547837 max=11.547837 n=7
step=00006 species= Si N=00078 vac=0000 axis=z surf=xy Eads=-4.2655 eV P=8.267e-01 E=-387.9016 eV hmax=2.028 A hmean=-0.720 A rough=0.848 A occ1=0.500 tested=7
[TEMPLATE DEBUG] total=120 species_filter=0 restriction=0 direction=72 global_front=0 occupied=6 connection=31 min_dist=0 pre_shell=11 post_shell=6 tested_energy=6
[TEMPLATE DEBUG] camada candidata z: min=11.547837 max=11.547837 n=6
step=00007 species= Si N=00079 vac=0000 axis=z surf=xy Eads=-5.0956 eV P=9.968e-01 E=-393.6263 eV hmax=2.106 A hmean=-0.623 A rough=0.870 A occ1=0.583 tested=6
[TEMPLATE DEBUG] total=120 species_filter=0 restriction=0 direction=72 global_front=0 occupied=7 connection=30 min_dist=0 pre_shell=11 post_shell=5 tested_energy=5
[TEMPLATE DEBUG] camada candidata z: min=11.547837 max=11.547837 n=5
step=00008 species= Si N=00080 vac=0000 axis=z surf=xy Eads=-5.0753 eV P=1.000e+00 E=-399.6029 eV hmax=2.106 A hmean=-0.484 A rough=0.870 A occ1=0.667 tested=5
[TEMPLATE DEBUG] total=120 species_filter=0 restriction=0 direction=72 global_front=0 occupied=8 connection=29 min_dist=0 pre_shell=11 post_shell=4 tested_energy=4
[TEMPLATE DEBUG] camada candidata z: min=11.547837 max=11.547837 n=4
step=00009 species= Si N=00081 vac=0000 axis=z surf=xy Eads=-4.8626 eV P=9.995e-01 E=-405.2787 eV hmax=2.106 A hmean=-0.376 A rough=0.863 A occ1=0.667 tested=4
[TEMPLATE DEBUG] total=120 species_filter=0 restriction=0 direction=72 global_front=0 occupied=8 connection=29 min_dist=2 pre_shell=9 post_shell=2 tested_energy=2
[TEMPLATE DEBUG] camada candidata z: min=11.547837 max=11.547837 n=2
step=00010 species= Si N=00082 vac=0000 axis=z surf=xy Eads=-4.8803 eV P=1.000e+00 E=-410.7382 eV hmax=2.106 A hmean=-0.194 A rough=0.856 A occ1=0.667 tested=2
[TEMPLATE DEBUG] total=120 species_filter=0 restriction=0 direction=72 global_front=0 occupied=8 connection=29 min_dist=4 pre_shell=7 post_shell=7 tested_energy=7
[TEMPLATE DEBUG] camada candidata z: min=13.472476 max=13.472476 n=7
step=00011 species= Si N=00083 vac=0000 axis=z surf=xy Eads=-3.7393 eV P=7.545e-01 E=-415.0553 eV hmax=3.709 A hmean=-0.249 A rough=0.602 A occ1=0.667 tested=7
[TEMPLATE DEBUG] total=120 species_filter=0 restriction=0 direction=72 global_front=0 occupied=9 connection=28 min_dist=4 pre_shell=7 post_shell=6 tested_energy=6
[TEMPLATE DEBUG] camada candidata z: min=13.472476 max=13.472476 n=6
step=00012 species= Si N=00084 vac=0000 axis=z surf=xy Eads=-4.7607 eV P=1.000e+00 E=-420.2646 eV hmax=3.926 A hmean=-0.035 A rough=0.797 A occ1=0.667 tested=6
[TEMPLATE DEBUG] total=120 species_filter=0 restriction=0 direction=72 global_front=0 occupied=10 connection=26 min_dist=4 pre_shell=8 post_shell=6 tested_energy=6
[TEMPLATE DEBUG] camada candidata z: min=13.472476 max=13.472476 n=6
step=00013 species= Si N=00085 vac=0000 axis=z surf=xy Eads=-4.1040 eV P=9.957e-01 E=-424.7320 eV hmax=3.883 A hmean=0.183 A rough=0.848 A occ1=0.667 tested=6
[TEMPLATE DEBUG] total=120 species_filter=0 restriction=0 direction=72 global_front=0 occupied=11 connection=24 min_dist=4 pre_shell=9 post_shell=6 tested_energy=6
[TEMPLATE DEBUG] camada candidata z: min=13.472476 max=13.472476 n=6
step=00014 species= Si N=00086 vac=0000 axis=z surf=xy Eads=-4.4857 eV P=1.000e+00 E=-429.9394 eV hmax=3.919 A hmean=0.288 A rough=0.872 A occ1=0.667 tested=6
[TEMPLATE DEBUG] total=120 species_filter=0 restriction=0 direction=72 global_front=0 occupied=12 connection=23 min_dist=4 pre_shell=9 post_shell=5 tested_energy=5
[TEMPLATE DEBUG] camada candidata z: min=13.472476 max=13.472476 n=5
step=00015 species= Si N=00087 vac=0000 axis=z surf=xy Eads=-4.0075 eV P=9.951e-01 E=-434.5746 eV hmax=3.945 A hmean=0.607 A rough=0.879 A occ1=0.667 tested=5
[TEMPLATE DEBUG] total=120 species_filter=0 restriction=0 direction=72 global_front=0 occupied=13 connection=23 min_dist=4 pre_shell=8 post_shell=3 tested_energy=3
[TEMPLATE DEBUG] camada candidata z: min=13.472476 max=13.472476 n=3
step=00016 species= Si N=00088 vac=0000 axis=z surf=xy Eads=-4.9111 eV P=1.000e+00 E=-440.5438 eV hmax=4.031 A hmean=0.437 A rough=0.930 A occ1=0.667 tested=3
[TEMPLATE DEBUG] total=120 species_filter=0 restriction=0 direction=72 global_front=0 occupied=14 connection=21 min_dist=4 pre_shell=9 post_shell=3 tested_energy=3
[TEMPLATE DEBUG] camada candidata z: min=13.472476 max=13.472476 n=3
step=00017 species= Si N=00089 vac=0000 axis=z surf=xy Eads=-3.6374 eV P=1.000e+00 E=-444.4574 eV hmax=4.031 A hmean=0.768 A rough=0.933 A occ1=0.667 tested=3
[TEMPLATE DEBUG] total=120 species_filter=0 restriction=0 direction=72 global_front=0 occupied=15 connection=19 min_dist=4 pre_shell=10 post_shell=3 tested_energy=3
[TEMPLATE DEBUG] camada candidata z: min=13.472476 max=13.472476 n=3
step=00018 species= Si N=00090 vac=0000 axis=z surf=xy Eads=-4.7690 eV P=1.000e+00 E=-450.1662 eV hmax=4.024 A hmean=0.998 A rough=0.915 A occ1=0.667 tested=3
[TEMPLATE DEBUG] total=120 species_filter=0 restriction=0 direction=72 global_front=0 occupied=16 connection=16 min_dist=4 pre_shell=12 post_shell=4 tested_energy=4
[TEMPLATE DEBUG] camada candidata z: min=13.472476 max=13.472476 n=4
step=00019 species= Si N=00091 vac=0000 axis=z surf=xy Eads=-4.0857 eV P=9.482e-01 E=-454.6238 eV hmax=4.024 A hmean=0.819 A rough=0.909 A occ1=0.667 tested=4
[TEMPLATE DEBUG] total=120 species_filter=0 restriction=0 direction=72 global_front=0 occupied=17 connection=16 min_dist=4 pre_shell=11 post_shell=3 tested_energy=3
[TEMPLATE DEBUG] camada candidata z: min=13.472476 max=13.472476 n=3
step=00020 species= Si N=00092 vac=0000 axis=z surf=xy Eads=-4.3155 eV P=1.319e-01 E=-459.4677 eV hmax=4.008 A hmean=1.082 A rough=0.885 A occ1=0.667 tested=3
[TEMPLATE DEBUG] total=120 species_filter=0 restriction=0 direction=72 global_front=0 occupied=18 connection=15 min_dist=4 pre_shell=11 post_shell=2 tested_energy=2
[TEMPLATE DEBUG] camada candidata z: min=13.472476 max=13.472476 n=2
step=00021 species= Si N=00093 vac=0000 axis=z surf=xy Eads=-5.0950 eV P=1.000e+00 E=-465.4086 eV hmax=4.008 A hmean=1.258 A rough=0.851 A occ1=0.667 tested=2
[TEMPLATE DEBUG] total=120 species_filter=0 restriction=0 direction=72 global_front=0 occupied=19 connection=14 min_dist=4 pre_shell=11 post_shell=1 tested_energy=1
[TEMPLATE DEBUG] camada candidata z: min=13.472476 max=13.472476 n=1
step=00022 species= Si N=00094 vac=0000 axis=z surf=xy Eads=-4.9843 eV P=1.000e+00 E=-471.5236 eV hmax=4.104 A hmean=1.419 A rough=0.875 A occ1=0.667 tested=1
[TEMPLATE DEBUG] total=120 species_filter=0 restriction=0 direction=72 global_front=0 occupied=20 connection=13 min_dist=4 pre_shell=11 post_shell=11 tested_energy=11
[TEMPLATE DEBUG] camada candidata z: min=15.397115 max=15.397115 n=11
step=00023 species= Si N=00095 vac=0000 axis=z surf=xy Eads=-3.5039 eV P=6.461e-01 E=-475.5069 eV hmax=5.730 A hmean=1.681 A rough=0.635 A occ1=0.667 tested=11
[TEMPLATE DEBUG] total=120 species_filter=0 restriction=0 direction=72 global_front=0 occupied=21 connection=12 min_dist=4 pre_shell=11 post_shell=10 tested_energy=10
[TEMPLATE DEBUG] camada candidata z: min=15.397115 max=15.397115 n=10
step=00024 species= Si N=00096 vac=0000 axis=z surf=xy Eads=-4.8577 eV P=6.582e-01 E=-480.7703 eV hmax=5.658 A hmean=1.783 A rough=0.780 A occ1=0.667 tested=10
[TEMPLATE DEBUG] total=120 species_filter=0 restriction=0 direction=72 global_front=0 occupied=22 connection=11 min_dist=4 pre_shell=11 post_shell=9 tested_energy=9
[TEMPLATE DEBUG] camada candidata z: min=15.397115 max=15.397115 n=9
step=00025 species= Si N=00097 vac=0000 axis=z surf=xy Eads=-4.7857 eV P=9.988e-01 E=-486.3233 eV hmax=5.755 A hmean=1.962 A rough=0.881 A occ1=0.667 tested=9
[TEMPLATE DEBUG] total=120 species_filter=0 restriction=0 direction=72 global_front=0 occupied=22 connection=11 min_dist=5 pre_shell=10 post_shell=7 tested_energy=7
[TEMPLATE DEBUG] camada candidata z: min=15.397115 max=15.397115 n=7
step=00026 species= Si N=00098 vac=0000 axis=z surf=xy Eads=-4.3880 eV P=9.297e-01 E=-491.0878 eV hmax=5.788 A hmean=2.168 A rough=0.960 A occ1=0.667 tested=7
/home/tromer/.anaconda3/envs/gpaw/lib/python3.12/site-packages/gpaw/wavefunctions/arrays.py:232: RuntimeWarning: invalid value encountered in subtract
  out.array -= 0.5 * self.dv * (correction +
[TEMPLATE DEBUG] total=120 species_filter=0 restriction=0 direction=72 global_front=0 occupied=22 connection=11 min_dist=6 pre_shell=9 post_shell=6 tested_energy=6
[TEMPLATE DEBUG] camada candidata z: min=15.397115 max=15.397115 n=6
step=00027 species= Si N=00099 vac=0000 axis=z surf=xy Eads=-4.4115 eV P=5.625e-01 E=-496.0963 eV hmax=5.856 A hmean=2.236 A rough=0.983 A occ1=0.667 tested=6
[TEMPLATE DEBUG] total=120 species_filter=0 restriction=0 direction=72 global_front=0 occupied=23 connection=10 min_dist=6 pre_shell=9 post_shell=5 tested_energy=5
[TEMPLATE DEBUG] camada candidata z: min=15.397115 max=15.397115 n=5
step=00028 species= Si N=00100 vac=0000 axis=z surf=xy Eads=-5.2253 eV P=1.000e+00 E=-502.1811 eV hmax=5.857 A hmean=2.162 A rough=0.982 A occ1=0.667 tested=5
[TEMPLATE DEBUG] total=120 species_filter=0 restriction=0 direction=72 global_front=0 occupied=24 connection=9 min_dist=6 pre_shell=9 post_shell=4 tested_energy=4
[TEMPLATE DEBUG] camada candidata z: min=15.397115 max=15.397115 n=4
step=00029 species= Si N=00101 vac=0000 axis=z surf=xy Eads=-3.4623 eV P=1.000e+00 E=-506.0382 eV hmax=5.857 A hmean=2.424 A rough=0.997 A occ1=0.667 tested=4
[TEMPLATE DEBUG] total=120 species_filter=0 restriction=0 direction=72 global_front=0 occupied=25 connection=7 min_dist=6 pre_shell=10 post_shell=4 tested_energy=4
[TEMPLATE DEBUG] camada candidata z: min=15.397115 max=15.397115 n=4
step=00030 species= Si N=00102 vac=0000 axis=z surf=xy Eads=-4.6730 eV P=7.020e-01 E=-511.4378 eV hmax=5.857 A hmean=2.589 A rough=1.002 A occ1=0.667 tested=4
[TEMPLATE DEBUG] total=120 species_filter=0 restriction=0 direction=72 global_front=0 occupied=26 connection=6 min_dist=6 pre_shell=10 post_shell=3 tested_energy=3
[TEMPLATE DEBUG] camada candidata z: min=15.397115 max=15.397115 n=3
step=00031 species= Si N=00103 vac=0000 axis=z surf=xy Eads=-4.6317 eV P=7.713e-01 E=-517.0906 eV hmax=5.857 A hmean=2.529 A rough=0.992 A occ1=0.667 tested=3
[TEMPLATE DEBUG] total=120 species_filter=0 restriction=0 direction=72 global_front=0 occupied=27 connection=5 min_dist=6 pre_shell=10 post_shell=2 tested_energy=2
[TEMPLATE DEBUG] camada candidata z: min=15.397115 max=15.397115 n=2
step=00032 species= Si N=00104 vac=0000 axis=z surf=xy Eads=-4.6809 eV P=9.076e-01 E=-522.5759 eV hmax=5.894 A hmean=2.791 A rough=0.944 A occ1=0.750 tested=2
[TEMPLATE DEBUG] total=120 species_filter=0 restriction=0 direction=72 global_front=0 occupied=29 connection=3 min_dist=5 pre_shell=11 post_shell=2 tested_energy=2
[TEMPLATE DEBUG] camada candidata z: min=15.397115 max=15.397115 n=2
step=00033 species= Si N=00105 vac=0000 axis=z surf=xy Eads=-4.8116 eV P=9.991e-01 E=-528.0880 eV hmax=5.912 A hmean=3.008 A rough=0.927 A occ1=0.750 tested=2
[TEMPLATE DEBUG] total=120 species_filter=0 restriction=0 direction=72 global_front=0 occupied=30 connection=2 min_dist=5 pre_shell=11 post_shell=1 tested_energy=1
[TEMPLATE DEBUG] camada candidata z: min=15.397115 max=15.397115 n=1
step=00034 species= Si N=00106 vac=0000 axis=z surf=xy Eads=-5.6400 eV P=1.000e+00 E=-534.3423 eV hmax=5.946 A hmean=2.950 A rough=0.933 A occ1=0.750 tested=1
[TEMPLATE DEBUG] total=120 species_filter=0 restriction=0 direction=72 global_front=0 occupied=31 connection=2 min_dist=5 pre_shell=10 post_shell=10 tested_energy=10
[TEMPLATE DEBUG] camada candidata z: min=17.321755 max=17.321755 n=10
step=00035 species= Si N=00107 vac=0000 axis=z surf=xy Eads=-3.2940 eV P=1.341e-02 E=-538.0156 eV hmax=7.537 A hmean=3.154 A rough=0.590 A occ1=0.750 tested=10
[TEMPLATE DEBUG] total=120 species_filter=0 restriction=0 direction=72 global_front=0 occupied=32 connection=2 min_dist=5 pre_shell=9 post_shell=9 tested_energy=9
[TEMPLATE DEBUG] camada candidata z: min=17.321755 max=17.321755 n=9
step=00036 species= Si N=00108 vac=0000 axis=z surf=xy Eads=-5.1412 eV P=9.997e-01 E=-543.6144 eV hmax=7.638 A hmean=3.313 A rough=0.769 A occ1=0.750 tested=9
[TEMPLATE DEBUG] total=120 species_filter=0 restriction=0 direction=72 global_front=0 occupied=33 connection=2 min_dist=5 pre_shell=8 post_shell=8 tested_energy=8
[TEMPLATE DEBUG] camada candidata z: min=17.321755 max=17.321755 n=8
step=00037 species= Si N=00109 vac=0000 axis=z surf=xy Eads=-4.5871 eV P=1.000e+00 E=-548.9960 eV hmax=7.656 A hmean=3.453 A rough=0.842 A occ1=0.750 tested=8
