MPI: rank=0/1; backend_comunicador=serial-sem-gpaw; launcher_size_detectado=1
/home/tromer/.anaconda3/lib/python3.13/site-packages/e3nn/o3/_wigner.py:10: UserWarning: Environment variable TORCH_FORCE_NO_WEIGHTS_ONLY_LOAD detected, since the`weights_only` argument was not explicitly passed to `torch.load`, forcing weights_only=False.
  _Jd, _W3j_flat, _W3j_indices = torch.load(os.path.join(os.path.dirname(__file__), 'constants.pt'))
cuequivariance or cuequivariance_torch is not available. Cuequivariance acceleration will be disabled.
Using Materials Project MACE for MACECalculator with /home/tromer/.cache/mace/20231210mace128L0_energy_epoch249model
Using float32 for MACECalculator, which is faster but less accurate. Recommended for MD. Use float64 for geometry optimization.
/home/tromer/.anaconda3/lib/python3.13/site-packages/mace/calculators/mace.py:199: UserWarning: Environment variable TORCH_FORCE_NO_WEIGHTS_ONLY_LOAD detected, since the`weights_only` argument was not explicitly passed to `torch.load`, forcing weights_only=False.
  torch.load(f=model_path, map_location=device)
WARNING:root:Default dtype float32 does not match model dtype float64, converting models to float32.
Using TorchDFTD3Calculator for D3 dispersion corrections
Backend = mace; device = cpu; dtype = float32
Semente sincronizada em todos os ranks = 7
Espécies competindo: ['Si']
Fluxo relativo por espécie: {'Si': 1.0}
Mu por espécie: todos 0.0 eV
Impurezas/vacâncias: desligado
Modo de vacância: frozen
growth_axis = z; surface_axes = xy
replicate antes do slab = (1, 1, 1)
miller = (0, 0, 1)
build_mode = direct; site_mode = template
pbc = (1, 1, 0)
bulk_energy_repeat = (1, 1, 1); skip_bulk_reference = True
cif_wrap_mode = all (aplicado somente aos arquivos .cif salvos)
Restrição cristalográfica de crescimento: desligada
Template-base filtrado para extend-columns: N=72; espécies=['Si']; restrict_fractional=(None, None, None)
Template extend-columns: eixo=z periodo_colunas=2(auto) periodo_gaps=1(auto) gaps=[1.924639] Å; dx_mediana=1.924639 Å; colunas_base=6, colunas_novas=4, N_template=120; restrict_fractional=(None, None, None)
/home/tromer/.anaconda3/lib/python3.13/site-packages/torch/autograd/graph.py:869: UserWarning: CUDA initialization: The NVIDIA driver on your system is too old (found version 12020). Please update your GPU driver by downloading and installing a new version from the URL: http://www.nvidia.com/Download/index.aspx Alternatively, go to: https://pytorch.org to install a PyTorch version that has been compiled with your version of the CUDA driver. (Triggered internally at /pytorch/c10/cuda/CUDAFunctions.cpp:119.)
  return Variable._execution_engine.run_backward(  # Calls into the C++ engine to run the backward pass
/home/tromer/.anaconda3/lib/python3.13/site-packages/torch_dftd/torch_dftd3_calculator.py:98: UserWarning: Creating a tensor from a list of numpy.ndarrays is extremely slow. Please consider converting the list to a single numpy.ndarray with numpy.array() before converting to a tensor. (Triggered internally at /pytorch/torch/csrc/utils/tensor_new.cpp:253.)
  cell: Optional[Tensor] = torch.tensor(
Referência bulk: pulada (--skip-bulk-reference).
  Usando E0/N0 como referência; gamma vira energia relativa ao estado inicial.
Slab inicial:
  N0 = 72
  area(xy) = 125.725971 Å²
  E0 = -391.905763 eV
  gamma0 = 0.000000 eV/Å² = 0.000000 J/m²
  growth_origin_species = Si; origin_front=9.623197 Å; origin_back=0.000000 Å
  regra_deposicao = template: somente sítios do CIF-template
  template_cif = Si_110.cif
  template_repeat = (1, 1, 1); N_template = 120
  template_front = [0.050, 5.000] Å
  template_connect_cutoff = 2.900 Å; min_neighbors = 1
  template_species_mode = template; template_build_mode = extend-columns
Corte absoluto de Eads: +50.000000 eV
[TEMPLATE DEBUG] total=120 species_filter=0 restriction=0 direction=72 global_front=0 occupied=0 connection=36 min_dist=0 pre_shell=12 post_shell=12 tested_energy=12
[TEMPLATE DEBUG] camada candidata z: min=11.547837 max=11.547837 n=12
[INFO] primeira deposição: relaxação local pulada por --no-relax-first-added.
step=00001 species= Si N=00073 vac=0000 axis=z surf=xy Eads=-3.6739 eV P=8.329e-02 E=-395.5797 eV hmax=1.925 A hmean=0.107 A rough=0.513 A occ1=0.083 tested=12
[TEMPLATE DEBUG] total=120 species_filter=0 restriction=0 direction=72 global_front=0 occupied=1 connection=35 min_dist=0 pre_shell=12 post_shell=11 tested_energy=11
[TEMPLATE DEBUG] camada candidata z: min=11.547837 max=11.547837 n=11
step=00002 species= Si N=00074 vac=0000 axis=z surf=xy Eads=-5.7964 eV P=5.004e-01 E=-401.4540 eV hmax=1.860 A hmean=-0.722 A rough=0.656 A occ1=0.167 tested=11
[TEMPLATE DEBUG] total=120 species_filter=0 restriction=0 direction=72 global_front=0 occupied=2 connection=34 min_dist=0 pre_shell=12 post_shell=10 tested_energy=10
[TEMPLATE DEBUG] camada candidata z: min=11.547837 max=11.547837 n=10
step=00003 species= Si N=00075 vac=0000 axis=z surf=xy Eads=-5.6578 eV P=4.535e-01 E=-407.1685 eV hmax=1.880 A hmean=-0.612 A rough=0.743 A occ1=0.250 tested=10
[TEMPLATE DEBUG] total=120 species_filter=0 restriction=0 direction=72 global_front=0 occupied=3 connection=33 min_dist=0 pre_shell=12 post_shell=9 tested_energy=9
[TEMPLATE DEBUG] camada candidata z: min=11.547837 max=11.547837 n=9
step=00004 species= Si N=00076 vac=0000 axis=z surf=xy Eads=-5.6459 eV P=3.726e-01 E=-412.8611 eV hmax=1.874 A hmean=-0.506 A rough=0.802 A occ1=0.333 tested=9
[TEMPLATE DEBUG] total=120 species_filter=0 restriction=0 direction=72 global_front=0 occupied=4 connection=32 min_dist=0 pre_shell=12 post_shell=8 tested_energy=8
[TEMPLATE DEBUG] camada candidata z: min=11.547837 max=11.547837 n=8
step=00005 species= Si N=00077 vac=0000 axis=z surf=xy Eads=-5.7466 eV P=4.598e-01 E=-418.6827 eV hmax=1.877 A hmean=-0.482 A rough=0.844 A occ1=0.417 tested=8
[TEMPLATE DEBUG] total=120 species_filter=0 restriction=0 direction=72 global_front=0 occupied=5 connection=31 min_dist=0 pre_shell=12 post_shell=7 tested_energy=7
[TEMPLATE DEBUG] camada candidata z: min=11.547837 max=11.547837 n=7
step=00006 species= Si N=00078 vac=0000 axis=z surf=xy Eads=-7.3904 eV P=1.000e+00 E=-426.1205 eV hmax=1.910 A hmean=-0.561 A rough=0.880 A occ1=0.500 tested=7
[TEMPLATE DEBUG] total=120 species_filter=0 restriction=0 direction=72 global_front=0 occupied=6 connection=30 min_dist=0 pre_shell=12 post_shell=6 tested_energy=6
[TEMPLATE DEBUG] camada candidata z: min=11.547837 max=11.547837 n=6
step=00007 species= Si N=00079 vac=0000 axis=z surf=xy Eads=-3.6460 eV P=1.665e-01 E=-429.8847 eV hmax=1.883 A hmean=-0.705 A rough=0.892 A occ1=0.583 tested=6
[TEMPLATE DEBUG] total=120 species_filter=0 restriction=0 direction=72 global_front=0 occupied=7 connection=29 min_dist=0 pre_shell=12 post_shell=5 tested_energy=5
[TEMPLATE DEBUG] camada candidata z: min=11.547837 max=11.547837 n=5
step=00008 species= Si N=00080 vac=0000 axis=z surf=xy Eads=-5.7132 eV P=4.813e-01 E=-435.6726 eV hmax=1.861 A hmean=-0.467 A rough=0.906 A occ1=0.667 tested=5
[TEMPLATE DEBUG] total=120 species_filter=0 restriction=0 direction=72 global_front=0 occupied=8 connection=28 min_dist=0 pre_shell=12 post_shell=4 tested_energy=4
[TEMPLATE DEBUG] camada candidata z: min=11.547837 max=11.547837 n=4
step=00009 species= Si N=00081 vac=0000 axis=z surf=xy Eads=-5.6205 eV P=5.944e-01 E=-441.3397 eV hmax=1.902 A hmean=-0.133 A rough=0.914 A occ1=0.750 tested=4
[TEMPLATE DEBUG] total=120 species_filter=0 restriction=0 direction=72 global_front=0 occupied=9 connection=27 min_dist=0 pre_shell=12 post_shell=3 tested_energy=3
[TEMPLATE DEBUG] camada candidata z: min=11.547837 max=11.547837 n=3
step=00010 species= Si N=00082 vac=0000 axis=z surf=xy Eads=-5.6490 eV P=8.718e-01 E=-447.0462 eV hmax=1.894 A hmean=-0.031 A rough=0.918 A occ1=0.833 tested=3
[TEMPLATE DEBUG] total=120 species_filter=0 restriction=0 direction=72 global_front=0 occupied=10 connection=26 min_dist=0 pre_shell=12 post_shell=2 tested_energy=2
[TEMPLATE DEBUG] camada candidata z: min=11.547837 max=11.547837 n=2
step=00011 species= Si N=00083 vac=0000 axis=z surf=xy Eads=-5.7427 eV P=9.930e-01 E=-452.8974 eV hmax=1.904 A hmean=0.110 A rough=0.920 A occ1=0.917 tested=2
[TEMPLATE DEBUG] total=120 species_filter=0 restriction=0 direction=72 global_front=0 occupied=11 connection=25 min_dist=0 pre_shell=12 post_shell=1 tested_energy=1
[TEMPLATE DEBUG] camada candidata z: min=11.547837 max=11.547837 n=1
step=00012 species= Si N=00084 vac=0000 axis=z surf=xy Eads=-6.7618 eV P=1.000e+00 E=-460.0786 eV hmax=1.976 A hmean=0.006 A rough=0.930 A occ1=1.000 tested=1
[TEMPLATE DEBUG] total=120 species_filter=0 restriction=0 direction=72 global_front=0 occupied=12 connection=24 min_dist=0 pre_shell=12 post_shell=12 tested_energy=12
[TEMPLATE DEBUG] camada candidata z: min=13.472476 max=13.472476 n=12
step=00013 species= Si N=00085 vac=0000 axis=z surf=xy Eads=-3.5960 eV P=9.126e-02 E=-463.8172 eV hmax=3.706 A hmean=0.307 A rough=0.495 A occ1=1.000 tested=12
[TEMPLATE DEBUG] total=120 species_filter=0 restriction=0 direction=72 global_front=0 occupied=13 connection=23 min_dist=0 pre_shell=12 post_shell=11 tested_energy=11
[TEMPLATE DEBUG] camada candidata z: min=13.472476 max=13.472476 n=11
step=00014 species= Si N=00086 vac=0000 axis=z surf=xy Eads=-5.7115 eV P=5.497e-01 E=-469.6315 eV hmax=3.728 A hmean=0.485 A rough=0.649 A occ1=1.000 tested=11
[TEMPLATE DEBUG] total=120 species_filter=0 restriction=0 direction=72 global_front=0 occupied=14 connection=22 min_dist=0 pre_shell=12 post_shell=10 tested_energy=10
[TEMPLATE DEBUG] camada candidata z: min=13.472476 max=13.472476 n=10
step=00015 species= Si N=00087 vac=0000 axis=z surf=xy Eads=-5.6504 eV P=7.639e-01 E=-475.3573 eV hmax=3.806 A hmean=0.243 A rough=0.743 A occ1=1.000 tested=10
[TEMPLATE DEBUG] total=120 species_filter=0 restriction=0 direction=72 global_front=0 occupied=15 connection=21 min_dist=0 pre_shell=12 post_shell=9 tested_energy=9
[TEMPLATE DEBUG] camada candidata z: min=13.472476 max=13.472476 n=9
step=00016 species= Si N=00088 vac=0000 axis=z surf=xy Eads=-5.6414 eV P=8.153e-01 E=-481.0790 eV hmax=3.770 A hmean=0.661 A rough=0.796 A occ1=1.000 tested=9
[TEMPLATE DEBUG] total=120 species_filter=0 restriction=0 direction=72 global_front=0 occupied=16 connection=20 min_dist=0 pre_shell=12 post_shell=8 tested_energy=8
[TEMPLATE DEBUG] camada candidata z: min=13.472476 max=13.472476 n=8
step=00017 species= Si N=00089 vac=0000 axis=z surf=xy Eads=-5.7503 eV P=9.801e-01 E=-486.9580 eV hmax=3.766 A hmean=1.080 A rough=0.832 A occ1=1.000 tested=8
[TEMPLATE DEBUG] total=120 species_filter=0 restriction=0 direction=72 global_front=0 occupied=17 connection=19 min_dist=0 pre_shell=12 post_shell=7 tested_energy=7
[TEMPLATE DEBUG] camada candidata z: min=13.472476 max=13.472476 n=7
step=00018 species= Si N=00090 vac=0000 axis=z surf=xy Eads=-6.9540 eV P=1.000e+00 E=-494.2377 eV hmax=3.853 A hmean=1.259 A rough=0.875 A occ1=1.000 tested=7
[TEMPLATE DEBUG] total=120 species_filter=0 restriction=0 direction=72 global_front=0 occupied=18 connection=18 min_dist=0 pre_shell=12 post_shell=6 tested_energy=6
[TEMPLATE DEBUG] camada candidata z: min=13.472476 max=13.472476 n=6
step=00019 species= Si N=00091 vac=0000 axis=z surf=xy Eads=-3.6270 eV P=1.792e-01 E=-498.0228 eV hmax=3.811 A hmean=0.891 A rough=0.885 A occ1=1.000 tested=6
[TEMPLATE DEBUG] total=120 species_filter=0 restriction=0 direction=72 global_front=0 occupied=19 connection=17 min_dist=0 pre_shell=12 post_shell=5 tested_energy=5
[TEMPLATE DEBUG] camada candidata z: min=13.472476 max=13.472476 n=5
step=00020 species= Si N=00092 vac=0000 axis=z surf=xy Eads=-5.6866 eV P=4.607e-01 E=-503.8251 eV hmax=3.778 A hmean=0.882 A rough=0.903 A occ1=1.000 tested=5
[TEMPLATE DEBUG] total=120 species_filter=0 restriction=0 direction=72 global_front=0 occupied=20 connection=16 min_dist=0 pre_shell=12 post_shell=4 tested_energy=4
[TEMPLATE DEBUG] camada candidata z: min=13.472476 max=13.472476 n=4
step=00021 species= Si N=00093 vac=0000 axis=z surf=xy Eads=-5.5943 eV P=3.083e-01 E=-509.4721 eV hmax=3.846 A hmean=1.004 A rough=0.915 A occ1=1.000 tested=4
[TEMPLATE DEBUG] total=120 species_filter=0 restriction=0 direction=72 global_front=0 occupied=21 connection=15 min_dist=0 pre_shell=12 post_shell=3 tested_energy=3
[TEMPLATE DEBUG] camada candidata z: min=13.472476 max=13.472476 n=3
step=00022 species= Si N=00094 vac=0000 axis=z surf=xy Eads=-5.6239 eV P=4.471e-01 E=-515.1552 eV hmax=3.794 A hmean=1.120 A rough=0.920 A occ1=1.000 tested=3
[TEMPLATE DEBUG] total=120 species_filter=0 restriction=0 direction=72 global_front=0 occupied=22 connection=14 min_dist=0 pre_shell=12 post_shell=2 tested_energy=2
[TEMPLATE DEBUG] camada candidata z: min=13.472476 max=13.472476 n=2
step=00023 species= Si N=00095 vac=0000 axis=z surf=xy Eads=-5.7206 eV P=5.785e-01 E=-520.9479 eV hmax=3.817 A hmean=1.583 A rough=0.926 A occ1=1.000 tested=2
[TEMPLATE DEBUG] total=120 species_filter=0 restriction=0 direction=72 global_front=0 occupied=23 connection=13 min_dist=0 pre_shell=12 post_shell=1 tested_energy=1
[TEMPLATE DEBUG] camada candidata z: min=13.472476 max=13.472476 n=1
step=00024 species= Si N=00096 vac=0000 axis=z surf=xy Eads=-7.3063 eV P=1.000e+00 E=-528.3215 eV hmax=3.864 A hmean=1.467 A rough=0.934 A occ1=1.000 tested=1
[TEMPLATE DEBUG] total=120 species_filter=0 restriction=0 direction=72 global_front=0 occupied=24 connection=12 min_dist=0 pre_shell=12 post_shell=12 tested_energy=12
[TEMPLATE DEBUG] camada candidata z: min=15.397115 max=15.397115 n=12
step=00025 species= Si N=00097 vac=0000 axis=z surf=xy Eads=-3.6043 eV P=1.481e-01 E=-532.0357 eV hmax=5.641 A hmean=1.441 A rough=0.502 A occ1=1.000 tested=12
[TEMPLATE DEBUG] total=120 species_filter=0 restriction=0 direction=72 global_front=0 occupied=25 connection=11 min_dist=0 pre_shell=12 post_shell=11 tested_energy=11
[TEMPLATE DEBUG] camada candidata z: min=15.397115 max=15.397115 n=11
step=00026 species= Si N=00098 vac=0000 axis=z surf=xy Eads=-5.7123 eV P=6.833e-01 E=-537.8345 eV hmax=5.656 A hmean=1.554 A rough=0.657 A occ1=1.000 tested=11
[TEMPLATE DEBUG] total=120 species_filter=0 restriction=0 direction=72 global_front=0 occupied=26 connection=10 min_dist=0 pre_shell=12 post_shell=10 tested_energy=10
[TEMPLATE DEBUG] camada candidata z: min=15.397115 max=15.397115 n=10
step=00027 species= Si N=00099 vac=0000 axis=z surf=xy Eads=-5.6359 eV P=7.161e-01 E=-543.5313 eV hmax=5.698 A hmean=1.669 A rough=0.747 A occ1=1.000 tested=10
[TEMPLATE DEBUG] total=120 species_filter=0 restriction=0 direction=72 global_front=0 occupied=27 connection=9 min_dist=0 pre_shell=12 post_shell=9 tested_energy=9
[TEMPLATE DEBUG] camada candidata z: min=15.397115 max=15.397115 n=9
step=00028 species= Si N=00100 vac=0000 axis=z surf=xy Eads=-5.6339 eV P=7.920e-01 E=-549.2405 eV hmax=5.675 A hmean=2.007 A rough=0.801 A occ1=1.000 tested=9
[TEMPLATE DEBUG] total=120 species_filter=0 restriction=0 direction=72 global_front=0 occupied=28 connection=8 min_dist=0 pre_shell=12 post_shell=8 tested_energy=8
[TEMPLATE DEBUG] camada candidata z: min=15.397115 max=15.397115 n=8
step=00029 species= Si N=00101 vac=0000 axis=z surf=xy Eads=-5.7480 eV P=9.522e-01 E=-555.0979 eV hmax=5.679 A hmean=2.456 A rough=0.839 A occ1=1.000 tested=8
[TEMPLATE DEBUG] total=120 species_filter=0 restriction=0 direction=72 global_front=0 occupied=29 connection=7 min_dist=0 pre_shell=12 post_shell=7 tested_energy=7
[TEMPLATE DEBUG] camada candidata z: min=15.397115 max=15.397115 n=7
step=00030 species= Si N=00102 vac=0000 axis=z surf=xy Eads=-7.1054 eV P=1.000e+00 E=-562.4417 eV hmax=5.758 A hmean=2.569 A rough=0.879 A occ1=1.000 tested=7
[TEMPLATE DEBUG] total=120 species_filter=0 restriction=0 direction=72 global_front=0 occupied=30 connection=6 min_dist=0 pre_shell=12 post_shell=6 tested_energy=6
[TEMPLATE DEBUG] camada candidata z: min=15.397115 max=15.397115 n=6
step=00031 species= Si N=00103 vac=0000 axis=z surf=xy Eads=-3.6053 eV P=1.546e-01 E=-566.2026 eV hmax=5.714 A hmean=2.629 A rough=0.894 A occ1=1.000 tested=6
[TEMPLATE DEBUG] total=120 species_filter=0 restriction=0 direction=72 global_front=0 occupied=31 connection=5 min_dist=0 pre_shell=12 post_shell=5 tested_energy=5
[TEMPLATE DEBUG] camada candidata z: min=15.397115 max=15.397115 n=5
step=00032 species= Si N=00104 vac=0000 axis=z surf=xy Eads=-5.7153 eV P=5.053e-01 E=-572.0109 eV hmax=5.682 A hmean=2.798 A rough=0.908 A occ1=1.000 tested=5
[TEMPLATE DEBUG] total=120 species_filter=0 restriction=0 direction=72 global_front=0 occupied=32 connection=4 min_dist=0 pre_shell=12 post_shell=4 tested_energy=4
[TEMPLATE DEBUG] camada candidata z: min=15.397115 max=15.397115 n=4
step=00033 species= Si N=00105 vac=0000 axis=z surf=xy Eads=-5.6216 eV P=5.258e-01 E=-577.6824 eV hmax=5.739 A hmean=2.630 A rough=0.917 A occ1=1.000 tested=4
[TEMPLATE DEBUG] total=120 species_filter=0 restriction=0 direction=72 global_front=0 occupied=33 connection=3 min_dist=0 pre_shell=12 post_shell=3 tested_energy=3
[TEMPLATE DEBUG] camada candidata z: min=15.397115 max=15.397115 n=3
step=00034 species= Si N=00106 vac=0000 axis=z surf=xy Eads=-5.6440 eV P=7.551e-01 E=-583.3847 eV hmax=5.719 A hmean=3.174 A rough=0.920 A occ1=1.000 tested=3
[TEMPLATE DEBUG] total=120 species_filter=0 restriction=0 direction=72 global_front=0 occupied=34 connection=2 min_dist=0 pre_shell=12 post_shell=2 tested_energy=2
[TEMPLATE DEBUG] camada candidata z: min=15.397115 max=15.397115 n=2
step=00035 species= Si N=00107 vac=0000 axis=z surf=xy Eads=-5.5976 eV P=3.288e-02 E=-589.0835 eV hmax=5.768 A hmean=3.475 A rough=0.927 A occ1=1.000 tested=2
[TEMPLATE DEBUG] total=120 species_filter=0 restriction=0 direction=72 global_front=0 occupied=35 connection=1 min_dist=0 pre_shell=12 post_shell=1 tested_energy=1
[TEMPLATE DEBUG] camada candidata z: min=15.397115 max=15.397115 n=1
step=00036 species= Si N=00108 vac=0000 axis=z surf=xy Eads=-7.3783 eV P=1.000e+00 E=-596.5075 eV hmax=5.757 A hmean=3.476 A rough=0.935 A occ1=1.000 tested=1
[TEMPLATE DEBUG] total=120 species_filter=0 restriction=0 direction=72 global_front=0 occupied=36 connection=0 min_dist=0 pre_shell=12 post_shell=12 tested_energy=12
[TEMPLATE DEBUG] camada candidata z: min=17.321755 max=17.321755 n=12
step=00037 species= Si N=00109 vac=0000 axis=z surf=xy Eads=-3.5846 eV P=9.711e-02 E=-600.2318 eV hmax=7.533 A hmean=3.476 A rough=0.495 A occ1=1.000 tested=12
[TEMPLATE DEBUG] total=120 species_filter=0 restriction=0 direction=72 global_front=0 occupied=37 connection=0 min_dist=0 pre_shell=11 post_shell=11 tested_energy=11
[TEMPLATE DEBUG] camada candidata z: min=17.321755 max=17.321755 n=11
step=00038 species= Si N=00110 vac=0000 axis=z surf=xy Eads=-5.7221 eV P=6.804e-01 E=-606.0315 eV hmax=7.615 A hmean=3.741 A rough=0.662 A occ1=1.000 tested=11
[TEMPLATE DEBUG] total=120 species_filter=0 restriction=0 direction=72 global_front=0 occupied=38 connection=0 min_dist=0 pre_shell=10 post_shell=10 tested_energy=10
[TEMPLATE DEBUG] camada candidata z: min=17.321755 max=17.321755 n=10
step=00039 species= Si N=00111 vac=0000 axis=z surf=xy Eads=-5.5992 eV P=4.167e-01 E=-611.6918 eV hmax=7.646 A hmean=3.901 A rough=0.758 A occ1=1.000 tested=10
[TEMPLATE DEBUG] total=120 species_filter=0 restriction=0 direction=72 global_front=0 occupied=39 connection=0 min_dist=0 pre_shell=9 post_shell=9 tested_energy=9
[TEMPLATE DEBUG] camada candidata z: min=17.321755 max=17.321755 n=9
step=00040 species= Si N=00112 vac=0000 axis=z surf=xy Eads=-5.6102 eV P=5.746e-01 E=-617.3648 eV hmax=7.633 A hmean=3.956 A rough=0.821 A occ1=1.000 tested=9
[TEMPLATE DEBUG] total=120 species_filter=0 restriction=0 direction=72 global_front=0 occupied=40 connection=0 min_dist=0 pre_shell=8 post_shell=8 tested_energy=8
[TEMPLATE DEBUG] camada candidata z: min=17.321755 max=17.321755 n=8
step=00041 species= Si N=00113 vac=0000 axis=z surf=xy Eads=-5.6967 eV P=2.942e-01 E=-623.1740 eV hmax=7.608 A hmean=3.903 A rough=0.854 A occ1=1.000 tested=8
[TEMPLATE DEBUG] total=120 species_filter=0 restriction=0 direction=72 global_front=0 occupied=41 connection=0 min_dist=0 pre_shell=7 post_shell=7 tested_energy=7
[TEMPLATE DEBUG] camada candidata z: min=17.321755 max=17.321755 n=7
step=00042 species= Si N=00114 vac=0000 axis=z surf=xy Eads=-7.4444 eV P=1.000e+00 E=-630.6635 eV hmax=7.657 A hmean=4.062 A rough=0.890 A occ1=1.000 tested=7
[TEMPLATE DEBUG] total=120 species_filter=0 restriction=0 direction=72 global_front=0 occupied=42 connection=0 min_dist=0 pre_shell=6 post_shell=6 tested_energy=6
[TEMPLATE DEBUG] camada candidata z: min=17.321755 max=17.321755 n=6
step=00043 species= Si N=00115 vac=0000 axis=z surf=xy Eads=-3.5880 eV P=1.359e-01 E=-634.3871 eV hmax=7.657 A hmean=4.276 A rough=0.900 A occ1=1.000 tested=6
[TEMPLATE DEBUG] total=120 species_filter=0 restriction=0 direction=72 global_front=0 occupied=43 connection=0 min_dist=0 pre_shell=5 post_shell=5 tested_energy=5
[TEMPLATE DEBUG] camada candidata z: min=17.321755 max=17.321755 n=5
step=00044 species= Si N=00116 vac=0000 axis=z surf=xy Eads=-5.7011 eV P=4.637e-01 E=-640.1747 eV hmax=7.657 A hmean=4.276 A rough=0.915 A occ1=1.000 tested=5
[TEMPLATE DEBUG] total=120 species_filter=0 restriction=0 direction=72 global_front=0 occupied=44 connection=0 min_dist=0 pre_shell=4 post_shell=4 tested_energy=4
[TEMPLATE DEBUG] camada candidata z: min=17.321755 max=17.321755 n=4
step=00045 species= Si N=00117 vac=0000 axis=z surf=xy Eads=-5.6270 eV P=5.672e-01 E=-645.8596 eV hmax=7.657 A hmean=4.762 A rough=0.919 A occ1=1.000 tested=4
[TEMPLATE DEBUG] total=120 species_filter=0 restriction=0 direction=72 global_front=0 occupied=45 connection=0 min_dist=0 pre_shell=3 post_shell=3 tested_energy=3
[TEMPLATE DEBUG] camada candidata z: min=17.321755 max=17.321755 n=3
step=00046 species= Si N=00118 vac=0000 axis=z surf=xy Eads=-5.6484 eV P=7.713e-01 E=-651.5763 eV hmax=7.641 A hmean=4.980 A rough=0.920 A occ1=1.000 tested=3
[TEMPLATE DEBUG] total=120 species_filter=0 restriction=0 direction=72 global_front=0 occupied=46 connection=0 min_dist=0 pre_shell=2 post_shell=2 tested_energy=2
[TEMPLATE DEBUG] camada candidata z: min=17.321755 max=17.321755 n=2
step=00047 species= Si N=00119 vac=0000 axis=z surf=xy Eads=-5.7413 eV P=9.715e-01 E=-657.4158 eV hmax=7.645 A hmean=4.378 A rough=0.921 A occ1=1.000 tested=2
[TEMPLATE DEBUG] total=120 species_filter=0 restriction=0 direction=72 global_front=0 occupied=47 connection=0 min_dist=0 pre_shell=1 post_shell=1 tested_energy=1
[TEMPLATE DEBUG] camada candidata z: min=17.321755 max=17.321755 n=1
step=00048 species= Si N=00120 vac=0000 axis=z surf=xy Eads=-6.9559 eV P=1.000e+00 E=-664.6430 eV hmax=7.727 A hmean=4.591 A rough=0.931 A occ1=1.000 tested=1
[TEMPLATE DEBUG] total=120 species_filter=0 restriction=0 direction=72 global_front=0 occupied=48 connection=0 min_dist=0 pre_shell=0 post_shell=0 tested_energy=0
[STOP] nenhum candidato de deposição válido.

Arquivos salvos:
  grafeno_cutoff.traj
  grafeno_cutoff.csv
  grafeno_cutoff_initial.xyz
  grafeno_cutoff_initial.cif
  grafeno_cutoff_checkpoint.xyz
  grafeno_cutoff_checkpoint.cif
  grafeno_cutoff_vacancies.csv
  grafeno_cutoff_final.xyz
  grafeno_cutoff_final.cif
